error in /Users/johanna/bro/roca/tests/.tmp/roca.test-key/test-key.bro, line 11: Could not convert given modulus to number (roca_vulnerable_mod(---))
